
===========================
21-08-08 21:55:03
Traceback (most recent call last):
  File "/home/tawatts1/dumb_thermostat/run.py", line 25, in <module>
    x = 1/0
ZeroDivisionError: division by zero

===========================
21-08-08 21:56:47
Traceback (most recent call last):
  File "/home/tawatts1/dumb_thermostat/run.py", line 25, in <module>
    x = 1/0
ZeroDivisionError: division by zero
